Microchip MPLAB XC8 Compiler V2.00 ()

Linker command line:

-W-3 --edf=C:\Program Files (x86)\Microchip\xc8\v2.00\pic\dat\en_msgs.txt \
  -cs -h+dist/default/production\CNC_Controller.X.production.sym \
  --cmf=dist/default/production\CNC_Controller.X.production.cmf -z -Q16F887 \
  -oC:\Users\user\AppData\Local\Temp\sf4g.2 \
  -Mdist/default/production/CNC_Controller.X.production.map -E1 -ver=XC8 \
  --acfsm=1493 -ASTACK=0110h-016fh -pstack=STACK -ACODE=00h-07FFhx4 \
  -ASTRCODE=00h-01FFFh -ASTRING=00h-0FFhx32 -ACONST=00h-0FFhx32 \
  -AENTRY=00h-0FFhx32 -ACOMMON=070h-07Fh -ABANK0=020h-06Fh \
  -ABANK1=0A0h-0EFh -ABANK2=0110h-016Fh -ABANK3=0190h-01EFh \
  -ARAM=020h-06Fh,0A0h-0EFh,0110h-016Fh,0190h-01EFh \
  -AABS1=020h-07Fh,0A0h-0EFh,0110h-016Fh,0190h-01EFh -ASFR0=00h-01Fh \
  -ASFR1=080h-09Fh -ASFR2=0100h-010Fh -ASFR3=0180h-018Fh \
  -preset_vec=00h,intentry,init,end_init -ppowerup=CODE -pcinit=CODE \
  -pfunctab=ENTRY -ACONFIG=02007h-02008h -pconfig=CONFIG -DCONFIG=2 \
  -AIDLOC=02000h-02003h -pidloc=IDLOC -DIDLOC=2 -AEEDATA=00h-0FFh/02100h \
  -peeprom_data=EEDATA -DEEDATA=2 -DCODE=2 -DSTRCODE=2 -DSTRING=2 -DCONST=2 \
  -DENTRY=2 -k C:\Users\user\AppData\Local\Temp\sf4g.o \
  dist/default/production\CNC_Controller.X.production.o 

Object code version is 3.11

Machine type is 16F887



                Name                               Link     Load   Length Selector   Space Scale
C:\Users\user\AppData\Local\Temp\sf4g.o
                end_init                              0        0        3        0       0
                config                             2007     2007        2     400E       0
dist/default/production\CNC_Controller.X.production.o
                cinit                               7F3      7F3        D      FE6       0
                text14                              1BF      1BF       35      37E       0
                text13                              1F4      1F4       35      3E8       0
                text12                              13F      13F       28      27E       0
                text11                              286      286       67      50C       0
                text10                              35A      35A       71      6B4       0
                text9                               118      118       13      230       0
                text8                               3CB      3CB      110      796       0
                text7                               108      108       10      210       0
                text6                               18F      18F       30      31E       0
                text5                               2ED      2ED       6D      5DA       0
                text4                               229      229       5D      452       0
                text3                               167      167       28      2CE       0
                text2                               12B      12B       14      256       0
                text1                               616      616      1DD      C2C       0
                maintext                            4DB      4DB      13B      9B6       0
                cstackBANK0                          20       20       46       20       1
                cstackCOMMON                         70       70        E       70       1
                clrtext                             100      100        8      200       0
                bssBANK1                             A0       A0       32       A0       1
                strings                               3        3       71        6       0

TOTAL           Name                               Link     Load   Length     Space
        CLASS   STACK          

        CLASS   CODE           
                end_init                              0        0        3         0
                cinit                               7F3      7F3        D         0
                text14                              1BF      1BF       35         0
                text13                              1F4      1F4       35         0
                text12                              13F      13F       28         0
                text11                              286      286       67         0
                text10                              35A      35A       71         0
                text9                               118      118       13         0
                text8                               3CB      3CB      110         0
                text7                               108      108       10         0
                text6                               18F      18F       30         0
                text5                               2ED      2ED       6D         0
                text4                               229      229       5D         0
                text3                               167      167       28         0
                text2                               12B      12B       14         0
                text1                               616      616      1DD         0
                maintext                            4DB      4DB      13B         0
                clrtext                             100      100        8         0

        CLASS   STRCODE        

        CLASS   STRING         
                strings                               3        3       71         0

        CLASS   CONST          

        CLASS   ENTRY          

        CLASS   COMMON         
                cstackCOMMON                         70       70        E         1

        CLASS   BANK0          
                cstackBANK0                          20       20       46         1

        CLASS   BANK1          
                bssBANK1                             A0       A0       32         1

        CLASS   BANK2          

        CLASS   BANK3          

        CLASS   RAM            

        CLASS   ABS1           
                abs_s1                               7E       7E        2         1

        CLASS   SFR0           

        CLASS   SFR1           

        CLASS   SFR2           

        CLASS   SFR3           

        CLASS   CONFIG         
                config                             2007     2007        2         0

        CLASS   IDLOC          

        CLASS   EEDATA         



SEGMENTS        Name                           Load    Length   Top    Selector   Space  Class     Delta

                reset_vec                      000000  000003  000003         0       0  CODE        2
                strings                        000003  000071  000074         6       0  STRING      2
                cstackBANK0                    000020  000046  000066        20       1  BANK0       1
                cstackCOMMON                   000070  00000E  00007E        70       1  COMMON      1
                bssBANK1                       0000A0  000032  0000D2        A0       1  BANK1       1
                clrtext                        000100  000008  000108       200       0  CODE        2
                text7                          000108  000010  000118       210       0  CODE        2
                text9                          000118  000013  00012B       230       0  CODE        2
                text2                          00012B  000014  00013F       256       0  CODE        2
                text12                         00013F  000028  000167       27E       0  CODE        2
                text3                          000167  000028  00018F       2CE       0  CODE        2
                text6                          00018F  000030  0001BF       31E       0  CODE        2
                text14                         0001BF  000035  0001F4       37E       0  CODE        2
                text13                         0001F4  000035  000229       3E8       0  CODE        2
                text4                          000229  00005D  000286       452       0  CODE        2
                text11                         000286  000067  0002ED       50C       0  CODE        2
                text5                          0002ED  00006D  00035A       5DA       0  CODE        2
                text10                         00035A  000071  0003CB       6B4       0  CODE        2
                text8                          0003CB  000110  0004DB       796       0  CODE        2
                maintext                       0004DB  00013B  000616       9B6       0  CODE        2
                text1                          000616  0001DD  0007F3       C2C       0  CODE        2
                cinit                          0007F3  00000D  000800       FE6       0  CODE        2
                config                         002007  000002  002009      400E       0  CONFIG      2


UNUSED ADDRESS RANGES

        Name                Unused          Largest block    Delta
        BANK0            0066-006F              A           1
        BANK1            00D2-00EF             1E           1
        BANK2            0110-016F             60           1
        BANK3            0190-01EF             60           1
        CODE             0074-00FF             8C           2
                         0800-1FFF            800
        CONST            0074-00FF             8C           2
                         0800-1FFF            100
        EEDATA           2100-21FF            100           2
        ENTRY            0074-00FF             8C           2
                         0800-1FFF            100
        IDLOC            2000-2003              4           2
        RAM              0066-006F              A           1
                         00D2-00EF             1E
                         0110-016F             60
                         0190-01EF             60
        SFR0             0000-001F             20           1
        SFR1             0080-009F             20           1
        SFR2             0100-010F             10           1
        SFR3             0180-018F             10           1
        STACK            0110-016F             60           1
        STRCODE          0074-00FF             8C           2
                         0800-1FFF           1800
        STRING           0074-00FF             8C           2
                         0800-1FFF            100

                                  Symbol Table

?___awdiv                cstackCOMMON 0070
?___lldiv                cstackCOMMON 0070
?___llmod                cstackBANK0  0020
?___wmul                 cstackCOMMON 0070
?_sprintf                cstackBANK0  002A
GotoX@F1519              bssBANK1     00C2
GotoX@i                  cstackBANK0  0039
GotoX@point              cstackBANK0  0020
GotoX@speed              cstackBANK0  0024
GotoX@str                cstackBANK0  0029
GotoX@wait               cstackBANK0  003D
LCD_Char@dat             cstackCOMMON 0072
LCD_Command@cmd          cstackCOMMON 0072
LCD_String@msg           cstackCOMMON 0073
LCD_String_xy@location   cstackCOMMON 007A
LCD_String_xy@msg        cstackCOMMON 0076
LCD_String_xy@pos        cstackCOMMON 0075
LCD_String_xy@row        cstackCOMMON 0079
_ANSEL                   (abs)        0188
_ANSELH                  (abs)        0189
_GotoX                   text8        03CB
_IOCB                    (abs)        0096
_LCD_Char                text13       01F4
_LCD_Clear               text7        0108
_LCD_Command             text14       01BF
_LCD_Init                text6        018F
_LCD_String              text12       013F
_LCD_String_xy           text11       0286
_PORTA                   (abs)        0005
_PORTAbits               (abs)        0005
_PORTB                   (abs)        0006
_PORTBbits               (abs)        0006
_PORTD                   (abs)        0008
_PORTDbits               (abs)        0008
_TRISA                   (abs)        0085
_TRISB                   (abs)        0086
_TRISD                   (abs)        0088
__CFG_BOREN$OFF          (abs)        0000
__CFG_CP$OFF             (abs)        0000
__CFG_CPD$OFF            (abs)        0000
__CFG_FOSC$XT            (abs)        0000
__CFG_LVP$OFF            (abs)        0000
__CFG_PWRTE$OFF          (abs)        0000
__CFG_WDTE$OFF           (abs)        0000
__CFG_WRT$OFF            (abs)        0000
__Habs1                  abs1         0000
__Hbank0                 bank0        0000
__Hbank1                 bank1        0000
__Hbank2                 bank2        0000
__Hbank3                 bank3        0000
__HbssBANK1              bssBANK1     0000
__Hcinit                 cinit        0800
__Hclrtext               clrtext      0000
__Hcode                  code         0000
__Hcommon                common       0000
__Hconfig                config       2009
__HcstackBANK0           cstackBANK0  0000
__HcstackCOMMON          cstackCOMMON 0000
__Heeprom_data           eeprom_data  0000
__Hend_init              end_init     0003
__Hfunctab               functab      0000
__Hidloc                 idloc        0000
__Hinit                  init         0000
__Hintentry              intentry     0000
__Hmaintext              maintext     0000
__Hpowerup               powerup      0000
__Hram                   ram          0000
__Hreset_vec             reset_vec    0000
__Hsfr0                  sfr0         0000
__Hsfr1                  sfr1         0000
__Hsfr2                  sfr2         0000
__Hsfr3                  sfr3         0000
__Hspace_0               (abs)        2009
__Hspace_1               (abs)        00D2
__Hspace_2               (abs)        0000
__Hspace_3               (abs)        0000
__Hstack                 stack        0000
__Hstrings               strings      0000
__Htext                  text         0000
__Labs1                  abs1         0000
__Lbank0                 bank0        0000
__Lbank1                 bank1        0000
__Lbank2                 bank2        0000
__Lbank3                 bank3        0000
__LbssBANK1              bssBANK1     0000
__Lcinit                 cinit        07F3
__Lclrtext               clrtext      0000
__Lcode                  code         0000
__Lcommon                common       0000
__Lconfig                config       2007
__LcstackBANK0           cstackBANK0  0000
__LcstackCOMMON          cstackCOMMON 0000
__Leeprom_data           eeprom_data  0000
__Lend_init              end_init     0000
__Lfunctab               functab      0000
__Lidloc                 idloc        0000
__Linit                  init         0000
__Lintentry              intentry     0000
__Lmaintext              maintext     0000
__Lpowerup               powerup      0000
__Lram                   ram          0000
__Lreset_vec             reset_vec    0000
__Lsfr0                  sfr0         0000
__Lsfr1                  sfr1         0000
__Lsfr2                  sfr2         0000
__Lsfr3                  sfr3         0000
__Lspace_0               (abs)        0000
__Lspace_1               (abs)        0000
__Lspace_2               (abs)        0000
__Lspace_3               (abs)        0000
__Lstack                 stack        0000
__Lstrings               strings      0000
__Ltext                  text         0000
__S0                     (abs)        2009
__S1                     (abs)        00D2
__S2                     (abs)        0000
__S3                     (abs)        0000
___awdiv                 text10       035A
___awdiv@counter         cstackCOMMON 0075
___awdiv@dividend        cstackCOMMON 0072
___awdiv@divisor         cstackCOMMON 0070
___awdiv@quotient        cstackCOMMON 0077
___awdiv@sign            cstackCOMMON 0076
___int_sp                stack        0000
___latbits               (abs)        0002
___lldiv                 text5        02ED
___lldiv@counter         cstackCOMMON 007D
___lldiv@dividend        cstackCOMMON 0074
___lldiv@divisor         cstackCOMMON 0070
___lldiv@quotient        cstackCOMMON 0079
___llmod                 text4        0229
___llmod@counter         cstackBANK0  0029
___llmod@dividend        cstackBANK0  0024
___llmod@divisor         cstackBANK0  0020
___sp                    stack        0000
___wmul                  text3        0167
___wmul@multiplicand     cstackCOMMON 0072
___wmul@multiplier       cstackCOMMON 0070
___wmul@product          cstackCOMMON 0074
__end_of_GotoX           text8        04DB
__end_of_LCD_Char        text13       0229
__end_of_LCD_Clear       text7        0118
__end_of_LCD_Command     text14       01F4
__end_of_LCD_Init        text6        01BF
__end_of_LCD_String      text12       0167
__end_of_LCD_String_xy   text11       02ED
__end_of___awdiv         text10       03CB
__end_of___lldiv         text5        035A
__end_of___llmod         text4        0286
__end_of___wmul          text3        018F
__end_of__initialization cinit        07FC
__end_of__stringtab      strings      0013
__end_of_delay_us        text9        012B
__end_of_dpowers         strings      003B
__end_of_isdigit         text2        013F
__end_of_main            maintext     0616
__end_of_sprintf         text1        07F3
__initialization         cinit        07F3
__pbssBANK1              bssBANK1     00A0
__pcstackBANK0           cstackBANK0  0020
__pcstackCOMMON          cstackCOMMON 0070
__pmaintext              maintext     04DB
__pstrings               strings      0003
__ptext1                 text1        0616
__ptext10                text10       035A
__ptext11                text11       0286
__ptext12                text12       013F
__ptext13                text13       01F4
__ptext14                text14       01BF
__ptext2                 text2        012B
__ptext3                 text3        0167
__ptext4                 text4        0229
__ptext5                 text5        02ED
__ptext6                 text6        018F
__ptext7                 text7        0108
__ptext8                 text8        03CB
__ptext9                 text9        0118
__size_of_GotoX          (abs)        0000
__size_of_LCD_Char       (abs)        0000
__size_of_LCD_Clear      (abs)        0000
__size_of_LCD_Command    (abs)        0000
__size_of_LCD_Init       (abs)        0000
__size_of_LCD_String     (abs)        0000
__size_of_LCD_String_xy  (abs)        0000
__size_of___awdiv        (abs)        0000
__size_of___lldiv        (abs)        0000
__size_of___llmod        (abs)        0000
__size_of___wmul         (abs)        0000
__size_of_delay_us       (abs)        0000
__size_of_isdigit        (abs)        0000
__size_of_main           (abs)        0000
__size_of_sprintf        (abs)        0000
__stringbase             strings      0012
__stringtab              strings      0003
_current_position        bssBANK1     00A0
_delay_us                text9        0118
_dpowers                 strings      0013
_isdigit                 text2        012B
_isdigit$749             cstackCOMMON 0070
_main                    maintext     04DB
_sprintf                 text1        0616
btemp                    (abs)        007E
clear_ram0               clrtext      0100
delay_us@val             cstackCOMMON 0070
end_of_initialization    cinit        07FC
intlevel0                functab      0000
intlevel1                functab      0000
intlevel2                functab      0000
intlevel3                functab      0000
intlevel4                functab      0000
intlevel5                functab      0000
isdigit@c                cstackCOMMON 0071
main@F1538               bssBANK1     00B2
main@str                 cstackBANK0  0044
main@to                  cstackBANK0  0054
reset_vec                reset_vec    0000
sprintf@ap               cstackBANK0  003B
sprintf@c                cstackBANK0  003F
sprintf@f                cstackBANK0  002A
sprintf@flag             cstackBANK0  0034
sprintf@prec             cstackBANK0  0035
sprintf@sp               cstackBANK0  003C
sprintf@val              cstackBANK0  0037
sprintf@width            cstackBANK0  003D
stackhi                  (abs)        0000
stacklo                  (abs)        0000
start                    init         0000
start_initialization     cinit        07F3
wtemp0                   (abs)        007E


FUNCTION INFORMATION:

 *************** function _main *****************
 Defined at:
		line 221 in file "cnc.c"
 Parameters:    Size  Location     Type
		None
 Auto vars:     Size  Location     Type
  to             18   52[BANK0 ] struct .
  str            16   36[BANK0 ] unsigned char [16]
 Return value:  Size  Location     Type
                  1    wreg      void 
 Registers used:
		wreg, fsr0l, fsr0h, status,2, status,0, btemp+1, pclath, cstack
 Tracked objects:
		On entry : 
		On exit  : 
		Unchanged: 
 Data sizes:     COMMON   BANK0   BANK1   BANK3   BANK2
      Params:         0       0       0       0       0
      Locals:         0      34       0       0       0
      Temps:          0       4       0       0       0
      Totals:         0      38       0       0       0
Total ram usage:       38 bytes
 Hardware stack levels required when called:    4
 This function calls:
		_GotoX
		_LCD_Clear
		_LCD_Init
		_LCD_String_xy
		_sprintf
 This function is called by:
		Startup code after reset
 This function uses a non-reentrant model


 *************** function _sprintf *****************
 Defined at:
		line 500 in file "C:\Program Files (x86)\Microchip\xc8\v2.00\pic\sources\c90\common\doprnt.c"
 Parameters:    Size  Location     Type
  sp              1    wreg     PTR unsigned char 
		 -> main@str(16), 
  f               1   10[BANK0 ] PTR const unsigned char 
		 -> STR_7(5), 
 Auto vars:     Size  Location     Type
  sp              1   28[BANK0 ] PTR unsigned char 
		 -> main@str(16), 
  val             4   23[BANK0 ] unsigned long 
  tmpval          4    0        struct .
  width           2   29[BANK0 ] int 
  prec            2   21[BANK0 ] int 
  cp              2    0        PTR const unsigned char 
  len             2    0        unsigned int 
  c               1   31[BANK0 ] unsigned char 
  ap              1   27[BANK0 ] PTR void [1]
		 -> ?_sprintf(2), 
  flag            1   20[BANK0 ] unsigned char 
 Return value:  Size  Location     Type
                  2   10[BANK0 ] int 
 Registers used:
		wreg, fsr0l, fsr0h, status,2, status,0, pclath, cstack
 Tracked objects:
		On entry : 
		On exit  : 
		Unchanged: 
 Data sizes:     COMMON   BANK0   BANK1   BANK3   BANK2
      Params:         0       5       0       0       0
      Locals:         0      12       0       0       0
      Temps:          0       5       0       0       0
      Totals:         0      22       0       0       0
Total ram usage:       22 bytes
 Hardware stack levels used:    1
 Hardware stack levels required when called:    1
 This function calls:
		___lldiv
		___llmod
		___wmul
		_isdigit
 This function is called by:
		_main
 This function uses a non-reentrant model


 *************** function _isdigit *****************
 Defined at:
		line 8 in file "C:\Program Files (x86)\Microchip\xc8\v2.00\pic\sources\c90\common\isdigit.c"
 Parameters:    Size  Location     Type
  c               1    wreg     unsigned char 
 Auto vars:     Size  Location     Type
  c               1    1[COMMON] unsigned char 
 Return value:  Size  Location     Type
		None               void
 Registers used:
		wreg, status,2, status,0
 Tracked objects:
		On entry : 
		On exit  : 
		Unchanged: 
 Data sizes:     COMMON   BANK0   BANK1   BANK3   BANK2
      Params:         0       0       0       0       0
      Locals:         2       0       0       0       0
      Temps:          0       0       0       0       0
      Totals:         2       0       0       0       0
Total ram usage:        2 bytes
 Hardware stack levels used:    1
 This function calls:
		Nothing
 This function is called by:
		_sprintf
 This function uses a non-reentrant model


 *************** function ___wmul *****************
 Defined at:
		line 15 in file "C:\Program Files (x86)\Microchip\xc8\v2.00\pic\sources\c90\common\Umul16.c"
 Parameters:    Size  Location     Type
  multiplier      2    0[COMMON] unsigned int 
  multiplicand    2    2[COMMON] unsigned int 
 Auto vars:     Size  Location     Type
  product         2    4[COMMON] unsigned int 
 Return value:  Size  Location     Type
                  2    0[COMMON] unsigned int 
 Registers used:
		wreg, status,2, status,0
 Tracked objects:
		On entry : 
		On exit  : 
		Unchanged: 
 Data sizes:     COMMON   BANK0   BANK1   BANK3   BANK2
      Params:         4       0       0       0       0
      Locals:         2       0       0       0       0
      Temps:          0       0       0       0       0
      Totals:         6       0       0       0       0
Total ram usage:        6 bytes
 Hardware stack levels used:    1
 This function calls:
		Nothing
 This function is called by:
		_sprintf
 This function uses a non-reentrant model


 *************** function ___llmod *****************
 Defined at:
		line 5 in file "C:\Program Files (x86)\Microchip\xc8\v2.00\pic\sources\c90\common\llmod.c"
 Parameters:    Size  Location     Type
  divisor         4    0[BANK0 ] unsigned long 
  dividend        4    4[BANK0 ] unsigned long 
 Auto vars:     Size  Location     Type
  counter         1    9[BANK0 ] unsigned char 
 Return value:  Size  Location     Type
                  4    0[BANK0 ] unsigned long 
 Registers used:
		wreg, status,2, status,0
 Tracked objects:
		On entry : 
		On exit  : 
		Unchanged: 
 Data sizes:     COMMON   BANK0   BANK1   BANK3   BANK2
      Params:         0       8       0       0       0
      Locals:         0       1       0       0       0
      Temps:          0       1       0       0       0
      Totals:         0      10       0       0       0
Total ram usage:       10 bytes
 Hardware stack levels used:    1
 This function calls:
		Nothing
 This function is called by:
		_sprintf
 This function uses a non-reentrant model


 *************** function ___lldiv *****************
 Defined at:
		line 5 in file "C:\Program Files (x86)\Microchip\xc8\v2.00\pic\sources\c90\common\__lldiv.c"
 Parameters:    Size  Location     Type
  divisor         4    0[COMMON] unsigned long 
  dividend        4    4[COMMON] unsigned long 
 Auto vars:     Size  Location     Type
  quotient        4    9[COMMON] unsigned long 
  counter         1   13[COMMON] unsigned char 
 Return value:  Size  Location     Type
                  4    0[COMMON] unsigned long 
 Registers used:
		wreg, status,2, status,0
 Tracked objects:
		On entry : 
		On exit  : 
		Unchanged: 
 Data sizes:     COMMON   BANK0   BANK1   BANK3   BANK2
      Params:         8       0       0       0       0
      Locals:         5       0       0       0       0
      Temps:          1       0       0       0       0
      Totals:        14       0       0       0       0
Total ram usage:       14 bytes
 Hardware stack levels used:    1
 This function calls:
		Nothing
 This function is called by:
		_sprintf
 This function uses a non-reentrant model


 *************** function _LCD_Init *****************
 Defined at:
		line 4 in file "lcd.c"
 Parameters:    Size  Location     Type
		None
 Auto vars:     Size  Location     Type
		None
 Return value:  Size  Location     Type
                  1    wreg      void 
 Registers used:
		wreg, status,2, status,0, pclath, cstack
 Tracked objects:
		On entry : 
		On exit  : 
		Unchanged: 
 Data sizes:     COMMON   BANK0   BANK1   BANK3   BANK2
      Params:         0       0       0       0       0
      Locals:         0       0       0       0       0
      Temps:          3       0       0       0       0
      Totals:         3       0       0       0       0
Total ram usage:        3 bytes
 Hardware stack levels used:    1
 Hardware stack levels required when called:    1
 This function calls:
		_LCD_Command
 This function is called by:
		_main
 This function uses a non-reentrant model


 *************** function _LCD_Clear *****************
 Defined at:
		line 84 in file "lcd.c"
 Parameters:    Size  Location     Type
		None
 Auto vars:     Size  Location     Type
		None
 Return value:  Size  Location     Type
                  1    wreg      void 
 Registers used:
		wreg, status,2, status,0, pclath, cstack
 Tracked objects:
		On entry : 
		On exit  : 
		Unchanged: 
 Data sizes:     COMMON   BANK0   BANK1   BANK3   BANK2
      Params:         0       0       0       0       0
      Locals:         0       0       0       0       0
      Temps:          2       0       0       0       0
      Totals:         2       0       0       0       0
Total ram usage:        2 bytes
 Hardware stack levels used:    1
 Hardware stack levels required when called:    1
 This function calls:
		_LCD_Command
 This function is called by:
		_main
 This function uses a non-reentrant model


 *************** function _GotoX *****************
 Defined at:
		line 140 in file "cnc.c"
 Parameters:    Size  Location     Type
  point           4    0[BANK0 ] long 
  speed           1    4[BANK0 ] unsigned char 
 Auto vars:     Size  Location     Type
  str            16    9[BANK0 ] unsigned char [16]
  i               4   25[BANK0 ] long 
  wait            2   29[BANK0 ] unsigned int 
 Return value:  Size  Location     Type
                  1    wreg      void 
 Registers used:
		wreg, fsr0l, fsr0h, status,2, status,0, btemp+1, pclath, cstack
 Tracked objects:
		On entry : 
		On exit  : 
		Unchanged: 
 Data sizes:     COMMON   BANK0   BANK1   BANK3   BANK2
      Params:         0       5       0       0       0
      Locals:         0      22       0       0       0
      Temps:          0       4       0       0       0
      Totals:         0      31       0       0       0
Total ram usage:       31 bytes
 Hardware stack levels used:    1
 Hardware stack levels required when called:    3
 This function calls:
		_LCD_String_xy
		___awdiv
		_delay_us
 This function is called by:
		_main
 This function uses a non-reentrant model


 *************** function _delay_us *****************
 Defined at:
		line 123 in file "cnc.c"
 Parameters:    Size  Location     Type
  val             2    0[COMMON] unsigned int 
 Auto vars:     Size  Location     Type
		None
 Return value:  Size  Location     Type
                  1    wreg      void 
 Registers used:
		wreg, status,2, status,0
 Tracked objects:
		On entry : 
		On exit  : 
		Unchanged: 
 Data sizes:     COMMON   BANK0   BANK1   BANK3   BANK2
      Params:         2       0       0       0       0
      Locals:         0       0       0       0       0
      Temps:          0       0       0       0       0
      Totals:         2       0       0       0       0
Total ram usage:        2 bytes
 Hardware stack levels used:    1
 This function calls:
		Nothing
 This function is called by:
		_GotoX
		_StepX
		_StepY
		_StepZ
 This function uses a non-reentrant model


 *************** function ___awdiv *****************
 Defined at:
		line 5 in file "C:\Program Files (x86)\Microchip\xc8\v2.00\pic\sources\c90\common\awdiv.c"
 Parameters:    Size  Location     Type
  divisor         2    0[COMMON] int 
  dividend        2    2[COMMON] int 
 Auto vars:     Size  Location     Type
  quotient        2    7[COMMON] int 
  sign            1    6[COMMON] unsigned char 
  counter         1    5[COMMON] unsigned char 
 Return value:  Size  Location     Type
                  2    0[COMMON] int 
 Registers used:
		wreg, status,2, status,0
 Tracked objects:
		On entry : 
		On exit  : 
		Unchanged: 
 Data sizes:     COMMON   BANK0   BANK1   BANK3   BANK2
      Params:         4       0       0       0       0
      Locals:         4       0       0       0       0
      Temps:          1       0       0       0       0
      Totals:         9       0       0       0       0
Total ram usage:        9 bytes
 Hardware stack levels used:    1
 This function calls:
		Nothing
 This function is called by:
		_GotoX
		_StepX
		_StepY
		_StepZ
 This function uses a non-reentrant model


 *************** function _LCD_String_xy *****************
 Defined at:
		line 57 in file "lcd.c"
 Parameters:    Size  Location     Type
  row             1    wreg     unsigned char 
  pos             1    5[COMMON] unsigned char 
  msg             2    6[COMMON] PTR const unsigned char 
		 -> STR_9(2), STR_8(2), STR_6(8), STR_5(8), 
		 -> STR_4(8), STR_3(6), main@str(16), STR_2(10), 
		 -> STR_1(10), 
 Auto vars:     Size  Location     Type
  row             1    9[COMMON] unsigned char 
  location        1   10[COMMON] unsigned char 
 Return value:  Size  Location     Type
                  1    wreg      void 
 Registers used:
		wreg, fsr0l, fsr0h, status,2, status,0, btemp+1, pclath, cstack
 Tracked objects:
		On entry : 
		On exit  : 
		Unchanged: 
 Data sizes:     COMMON   BANK0   BANK1   BANK3   BANK2
      Params:         3       0       0       0       0
      Locals:         2       0       0       0       0
      Temps:          1       0       0       0       0
      Totals:         6       0       0       0       0
Total ram usage:        6 bytes
 Hardware stack levels used:    1
 Hardware stack levels required when called:    2
 This function calls:
		_LCD_Command
		_LCD_String
 This function is called by:
		_GotoX
		_main
 This function uses a non-reentrant model


 *************** function _LCD_String *****************
 Defined at:
		line 48 in file "lcd.c"
 Parameters:    Size  Location     Type
  msg             2    3[COMMON] PTR const unsigned char 
		 -> STR_9(2), STR_8(2), STR_6(8), STR_5(8), 
		 -> STR_4(8), STR_3(6), main@str(16), STR_2(10), 
		 -> STR_1(10), 
 Auto vars:     Size  Location     Type
		None
 Return value:  Size  Location     Type
                  1    wreg      void 
 Registers used:
		wreg, fsr0l, fsr0h, status,2, status,0, btemp+1, pclath, cstack
 Tracked objects:
		On entry : 
		On exit  : 
		Unchanged: 
 Data sizes:     COMMON   BANK0   BANK1   BANK3   BANK2
      Params:         2       0       0       0       0
      Locals:         0       0       0       0       0
      Temps:          0       0       0       0       0
      Totals:         2       0       0       0       0
Total ram usage:        2 bytes
 Hardware stack levels used:    1
 Hardware stack levels required when called:    1
 This function calls:
		_LCD_Char
 This function is called by:
		_LCD_String_xy
 This function uses a non-reentrant model


 *************** function _LCD_Char *****************
 Defined at:
		line 33 in file "lcd.c"
 Parameters:    Size  Location     Type
  dat             1    wreg     unsigned char 
 Auto vars:     Size  Location     Type
  dat             1    2[COMMON] unsigned char 
 Return value:  Size  Location     Type
                  1    wreg      void 
 Registers used:
		wreg, status,2, status,0
 Tracked objects:
		On entry : 
		On exit  : 
		Unchanged: 
 Data sizes:     COMMON   BANK0   BANK1   BANK3   BANK2
      Params:         0       0       0       0       0
      Locals:         1       0       0       0       0
      Temps:          2       0       0       0       0
      Totals:         3       0       0       0       0
Total ram usage:        3 bytes
 Hardware stack levels used:    1
 This function calls:
		Nothing
 This function is called by:
		_LCD_String
 This function uses a non-reentrant model


 *************** function _LCD_Command *****************
 Defined at:
		line 18 in file "lcd.c"
 Parameters:    Size  Location     Type
  cmd             1    wreg     unsigned char 
 Auto vars:     Size  Location     Type
  cmd             1    2[COMMON] unsigned char 
 Return value:  Size  Location     Type
                  1    wreg      void 
 Registers used:
		wreg, status,2, status,0
 Tracked objects:
		On entry : 
		On exit  : 
		Unchanged: 
 Data sizes:     COMMON   BANK0   BANK1   BANK3   BANK2
      Params:         0       0       0       0       0
      Locals:         1       0       0       0       0
      Temps:          2       0       0       0       0
      Totals:         3       0       0       0       0
Total ram usage:        3 bytes
 Hardware stack levels used:    1
 This function calls:
		Nothing
 This function is called by:
		_LCD_Init
		_LCD_String_xy
		_LCD_Clear
 This function uses a non-reentrant model



MODULE INFORMATION

Module		Function		Class		Link	Load	Size
cnc.c
		_delay_us      		CODE           	0118	0000	20
		_main          		CODE           	04DB	0000	316
		_GotoX         		CODE           	03CB	0000	273

cnc.c estimated size: 609

C:\Program Files (x86)\Microchip\xc8\v2.00\pic\sources\c90\common\doprnt.c
		_sprintf       		CODE           	0616	0000	478

C:\Program Files (x86)\Microchip\xc8\v2.00\pic\sources\c90\common\doprnt.c estimated size: 478

C:\Program Files (x86)\Microchip\xc8\v2.00\pic\sources\c90\common\llmod.c
		___llmod       		CODE           	0229	0000	94

C:\Program Files (x86)\Microchip\xc8\v2.00\pic\sources\c90\common\llmod.c estimated size: 94

C:\Program Files (x86)\Microchip\xc8\v2.00\pic\sources\c90\common\Umul16.c
		___wmul        		CODE           	0167	0000	41

C:\Program Files (x86)\Microchip\xc8\v2.00\pic\sources\c90\common\Umul16.c estimated size: 41

C:\Program Files (x86)\Microchip\xc8\v2.00\pic\sources\c90\common\__lldiv.c
		___lldiv       		CODE           	02ED	0000	110

C:\Program Files (x86)\Microchip\xc8\v2.00\pic\sources\c90\common\__lldiv.c estimated size: 110

C:\Program Files (x86)\Microchip\xc8\v2.00\pic\sources\c90\common\awdiv.c
		___awdiv       		CODE           	035A	0000	114

C:\Program Files (x86)\Microchip\xc8\v2.00\pic\sources\c90\common\awdiv.c estimated size: 114

C:\Program Files (x86)\Microchip\xc8\v2.00\pic\sources\c90\common\isdigit.c
		_isdigit       		CODE           	012B	0000	21

C:\Program Files (x86)\Microchip\xc8\v2.00\pic\sources\c90\common\isdigit.c estimated size: 21

shared
		__stringtab    		STRING         	0003	0000	17
		_dpowers       		STRING         	0013	0000	41
		__initialization		CODE           	07F3	0000	10

shared estimated size: 68

lcd.c
		_LCD_String    		CODE           	013F	0000	41
		_LCD_Init      		CODE           	018F	0000	49
		_LCD_Command   		CODE           	01BF	0000	54
		_LCD_String_xy 		CODE           	0286	0000	104
		_LCD_Char      		CODE           	01F4	0000	54
		_LCD_Clear     		CODE           	0108	0000	17

lcd.c estimated size: 319

